// Jest Snapshot v1, https://goo.gl/fbAQLP

exports[`Prueba en firstapp debe de hacer match con el snapshot 1`] = `
<div>
  <h1
    data-testid="test-title"
  >
    Hola, Soy Goku
  </h1>
  <p />
  <p />
  <p>
    kissmarkÂº
  </p>
</div>
`;
